// Jest Snapshot v1, https://goo.gl/fbAQLP

exports[`Card should still have padding when card which set padding to 0 is loading 1`] = `
<div class="oui-card oui-card-loading oui-card-bordered">
  <div class="oui-card-body" style="padding: 0px;">
    <div class="oui-card-loading-content">
      <div class="oui-row" style="margin-left: -4px; margin-right: -4px;">
        <div class="oui-col oui-col-22" style="padding-left: 4px; padding-right: 4px;">
          <div class="oui-card-loading-block"></div>
        </div>
      </div>
      <div class="oui-row" style="margin-left: -4px; margin-right: -4px;">
        <div class="oui-col oui-col-8" style="padding-left: 4px; padding-right: 4px;">
          <div class="oui-card-loading-block"></div>
        </div>
        <div class="oui-col oui-col-15" style="padding-left: 4px; padding-right: 4px;">
          <div class="oui-card-loading-block"></div>
        </div>
      </div>
      <div class="oui-row" style="margin-left: -4px; margin-right: -4px;">
        <div class="oui-col oui-col-6" style="padding-left: 4px; padding-right: 4px;">
          <div class="oui-card-loading-block"></div>
        </div>
        <div class="oui-col oui-col-18" style="padding-left: 4px; padding-right: 4px;">
          <div class="oui-card-loading-block"></div>
        </div>
      </div>
      <div class="oui-row" style="margin-left: -4px; margin-right: -4px;">
        <div class="oui-col oui-col-13" style="padding-left: 4px; padding-right: 4px;">
          <div class="oui-card-loading-block"></div>
        </div>
        <div class="oui-col oui-col-9" style="padding-left: 4px; padding-right: 4px;">
          <div class="oui-card-loading-block"></div>
        </div>
      </div>
      <div class="oui-row" style="margin-left: -4px; margin-right: -4px;">
        <div class="oui-col oui-col-4" style="padding-left: 4px; padding-right: 4px;">
          <div class="oui-card-loading-block"></div>
        </div>
        <div class="oui-col oui-col-3" style="padding-left: 4px; padding-right: 4px;">
          <div class="oui-card-loading-block"></div>
        </div>
        <div class="oui-col oui-col-16" style="padding-left: 4px; padding-right: 4px;">
          <div class="oui-card-loading-block"></div>
        </div>
      </div>
    </div>
  </div>
</div>
`;

exports[`Card title should be vertically aligned 1`] = `
<div class="oui-card oui-card-bordered" style="width: 300px;">
  <div class="oui-card-head">
    <div class="oui-card-head-wrapper">
      <div class="oui-card-head-title">Card title</div>
      <div class="oui-card-extra"><button type="button" class="oui-btn"><span>Button</span></button></div>
    </div>
  </div>
  <div class="oui-card-body">
    <p>Card content</p>
  </div>
</div>
`;
